<textarea id="notes" name="notes" class="form-control">test@example.com</textarea>

