<div class="form-check">
      
    <input type="hidden" name="enabled" value="0" />
  
  <input type="checkbox"
         value="1"
         name="enabled"
         id="enabled"
            class="form-check-input" />

  <label for="enabled" class="form-check-label">
      &nbsp;
  </label>
</div>
