<div class="form-check">

  <input type="radio"
         value="Admin"
         name="role"
         id="role_Admin"
        checked class="form-check-input" />

  <label for="role_Admin" class="form-check-label">
      Administrator
  </label>
</div>
