<form method="POST" action="https://url.com">
  <input type="hidden" name="_token" value="" autocomplete="off">  <input type="hidden" name="_method" value="patch">
  CONTENT
  </form>
