<div class="ac-wrapper"    >

  
  <select name="country" id="country" tabindex="-1" 
      
    class="ss-ghost-select">

    <option selected value=""></option>

            <option value="it"  wire:key="country-it" >Italy</option>
        <option value="de"  wire:key="country-de" >Germany</option>
        <option value="fr"  wire:key="country-fr" >France</option>
        <option value="us"  wire:key="country-us" >United States</option>
     
    
  </select>

  <div wire:ignore="">
    <input type="text" class="form-control ac-input" placeholder="" autocomplete="off" />
</div>


  
  <div class="ss-dropdown hidden" >
    
    <template class="ss-option-template">
      <div class="ss-option" data-key="">
        <span></span>
              </div>
    </template>

    
    <div class="ss-options">
    </div>

    <div class="text-muted p-2 empty-results">
      No results
    </div>
  </div>
</div>
