<label for="country" class="form-label">
      Country
  </label>

<div class="ss-wrapper"   >

  
  <select name="country" id="country" tabindex="-1"      
    class="ss-ghost-select">

    <option  value="0"></option>

            <option value="it" selected wire:key="country-it" >Italy</option>
        <option value="de"  wire:key="country-de" >Germany</option>
        <option value="fr"  wire:key="country-fr" >France</option>
        <option value="us"  wire:key="country-us" >United States</option>
     
    
  </select>

  <div wire:ignore="">
    <div class="input-group">
    <span class="input-group-text">
              <i class="bi bi-map"></i>
            
    </span>

    <div role="button" aria-label="Select something" tabindex="0"
      class="form-select ss-box">

      <div class="text-muted ss-placeholder">
                Select something
              </div>
      <div class="ss-value-label" style="display:none;"></div>
    </div>
  </div>
</div>


  
  <div class="ss-dropdown hidden" >

    <div class="ss-dropdown-search">
      <input type="text" class="form-control form-control-sm "
        placeholder="Search here" />
    </div>

    
    <template class="ss-option-template">
      <div class="ss-option" data-key="">
        <span></span>
                <i class="bi bi-x-lg ss-remove-icon"></i>
              </div>
    </template>

    
    <div class="ss-options">
    </div>

    <div class="text-muted p-2 empty-results">
      bs-blade-forms::components.custom-select.no-results
    </div>

  </div>
</div>