<div >
    <input type="text" id="email" name="email" value="test@example.com" class="form-control" />
</div>

