<label for="email" class="form-label">
      Email
  </label>

<div class="input-group">
    <span class="input-group-text">
              <i class="bi bi-envelope"></i>
            
    </span>

    <input type="email" id="email" name="email" value="test@example.org" class="form-control" required="required" />
  </div>


